2026-09-04 13:38:50,793 [INFO] MLModel: Loaded ML model weights from production/ml/model_weights.pkl
2026-09-04 13:38:50,793 [INFO] TradingDaemon: Initializing MOCK Paper Trading Broker...
2026-09-04 13:38:50,793 [INFO] MockBroker: MockBroker initialized with virtual capital: ₹10,000.00
2026-09-04 13:38:50,793 [INFO] TradingDaemon: Loading recent historical data to pre-seed rolling feature pipeline...
2026-09-04 13:38:50,937 [INFO] TradingDaemon: Connected to Broker. Wallet status: {'balance_inr': 10000.0, 'free_margin': 10000.0, 'open_positions': 0}
2026-09-04 13:38:50,942 [ERROR] TelegramNotifier: Failed to send Telegram message: Cannot connect to host api.telegram.org:443 ssl:default [nodename nor servname provided, or not known]
2026-09-04 13:39:01,042 [INFO] MLModel: Loaded ML model weights from production/ml/model_weights.pkl
2026-09-04 13:39:01,042 [INFO] TradingDaemon: Initializing MOCK Paper Trading Broker...
2026-09-04 13:39:01,043 [INFO] MockBroker: MockBroker initialized with virtual capital: ₹10,000.00
2026-09-04 13:39:01,043 [INFO] TradingDaemon: Loading recent historical data to pre-seed rolling feature pipeline...
2026-09-04 13:39:01,127 [INFO] TradingDaemon: Connected to Broker. Wallet status: {'balance_inr': 10000.0, 'free_margin': 10000.0, 'open_positions': 0}
2026-09-04 13:39:01,130 [ERROR] TelegramNotifier: Failed to send Telegram message: Cannot connect to host api.telegram.org:443 ssl:default [nodename nor servname provided, or not known]
2026-09-04 13:39:01,130 [INFO] CircuitBreaker: Risk Manager: Reset daily counters for 2026-09-04
2026-09-04 13:39:18,274 [INFO] MLModel: Loaded ML model weights from production/ml/model_weights.pkl
2026-09-04 13:39:18,274 [INFO] TelegramNotifier: Telegram notification disabled (TELEGRAM_BOT_TOKEN or TELEGRAM_CHAT_ID missing/placeholder).
2026-09-04 13:39:18,274 [INFO] TradingDaemon: Initializing MOCK Paper Trading Broker...
2026-09-04 13:39:18,274 [INFO] MockBroker: MockBroker initialized with virtual capital: ₹10,000.00
2026-09-04 13:39:18,274 [INFO] TradingDaemon: Loading recent historical data to pre-seed rolling feature pipeline...
2026-09-04 13:39:18,347 [INFO] TradingDaemon: Connected to Broker. Wallet status: {'balance_inr': 10000.0, 'free_margin': 10000.0, 'open_positions': 0}
2026-09-04 13:39:18,347 [INFO] CircuitBreaker: Risk Manager: Reset daily counters for 2026-09-04
2026-09-04 13:43:55,341 [INFO] MLModel: Loaded ML model weights from production/ml/model_weights.pkl
2026-09-04 13:43:55,342 [INFO] TelegramNotifier: Telegram notification disabled (TELEGRAM_BOT_TOKEN or TELEGRAM_CHAT_ID missing/placeholder).
2026-09-04 13:43:55,342 [INFO] TradingDaemon: Initializing MOCK Paper Trading Broker...
2026-09-04 13:43:55,342 [INFO] MockBroker: MockBroker initialized with virtual capital: ₹10,000.00
2026-09-04 13:43:55,342 [INFO] TradingDaemon: Loading recent historical data to pre-seed rolling feature pipeline...
2026-09-04 13:43:55,449 [INFO] TradingDaemon: Connected to Broker. Wallet status: {'balance_inr': 10000.0, 'free_margin': 10000.0, 'open_positions': 0}
2026-09-04 13:43:55,449 [INFO] TradingDaemon: Trading Daemon running. Listening for Binance market events...
2026-09-04 13:43:55,449 [INFO] BinanceWS: Connecting to Binance Futures WebSocket: wss://fstream.binance.com/stream?streams=xrpusdt@kline_4h/xrpusdt@forceOrder/xrpusdt@ticker
2026-09-04 13:43:56,286 [INFO] BinanceWS: Binance Futures WebSocket connected successfully.
2026-09-04 14:07:25,951 [WARNING] BinanceWS: WebSocket disconnected: sent 1011 (internal error) keepalive ping timeout; no close frame received. Reconnecting in 5s...
2026-09-04 14:07:31,735 [INFO] BinanceWS: Binance Futures WebSocket connected successfully.
